Assembling AP boot trampoline...
boot/ap_trampoline.asm:77: warning: implicit DEFAULT ABS is deprecated [-w+implicit-abs-deprecated]
Compiling kernel C...
Compiling keyboard driver...
Compiling console...
drivers/console.c:151:41: warning: result of comparison of constant 128 with expression of type 'char' is always true [-Wtautological-constant-out-of-range-compare]
  151 |     uint8_t glyph_index = (c >= 32 && c < 128) ? (uint8_t)(c - 32) : (uint8_t)('?' - 32);
      |                                       ~ ^ ~~~
1 warning generated.
Compiling memory manager...
Compiling VFS/RAMFS/initrd...
Compiling FAT32 filesystem...
Compiling block I/O layer...
Compiling tests...
Compiling relocation helper...
Compiling relocator daemon...
Compiling quiesce helpers...
Compiling ATA driver...
Compiling GPU & Mouse & DevFS & Partition...
Compiling serial...
Compiling scheduler...
Compiling SMP...
Compiling per-CPU support...
Compiling APIC support...
Compiling I/O wait infrastructure...
Compiling GDT & Syscalls & Process...
Compiling IDT...
Assembling IDT stubs...
Assembling kernel entry...
Compiling timer...
Compiling UEFI entry...
Linking kernel ELF (kernel/kernel.ld)...
Compiling TSS...
Embedding TSS into ramfs...
Building Rust kernel library...
    Finished `release` profile [optimized] target(s) in 0.03s
Linking kernel ELF (kernel/kernel.ld)...
Linking UEFI loader EFI application...
Packing EFI disk image with GPT ESP...
mkfs.fat 4.2 (2021-01-31)
Created EFI ISO: build/uefi.iso
Run in QEMU:
qemu-system-x86_64 -m 16G -display gtk -no-shutdown -serial tcp:127.0.0.1:4444,server,nowait -drive if=pflash,format=raw,readonly=on,file=/usr/share/edk2/x64/OVMF_CODE.4m.fd -drive if=pflash,format=raw,file=build/OVMF_VARS.fd -drive if=ide,format=raw,file=build/esp.img -no-reboot
Headless verifier:
qemu-system-x86_64 -m 16G -serial tcp:127.0.0.1:4444,server,nowait -drive if=pflash,format=raw,readonly=on,file=/usr/share/edk2/x64/OVMF_CODE.4m.fd -drive if=pflash,format=raw,file=build/OVMF_VARS.fd -drive if=ide,format=raw,file=build/esp.img -display none -monitor unix:build/qemu-monitor.sock,server,nowait -no-reboot
Done. UEFI binary: build/BOOTX64.EFI
